2025-05-20 17: 40: 53 error : firstname is a required field
2025-05-20 17: 41: 25 error : Invalid Login detail
2025-05-25 08: 01: 58 error : type must be one of the following values: SAVINGS_ACCOUNT, CURRENT_ACCOUNT, FIXED_SAVINGS_ACCOUNT
2025-05-25 08: 02: 53 error : email is a required field
2025-05-25 08: 03: 56 error : password is a required field
2025-05-25 08: 04: 10 error : jwt malformed
2025-05-25 08: 04: 23 error : jwt malformed
2025-05-25 08: 04: 26 error : jwt malformed
2025-05-25 16: 35: 51 error : jwt malformed
2025-05-27 05: 06: 30 error : jwt malformed
2025-05-27 05: 09: 23 error : type is a required field
2025-05-27 05: 11: 04 error : jwt malformed
2025-08-12 18: 55: 29 error : Authorization failed
2025-08-12 19: 15: 57 error : Authorization failed
2025-08-12 19: 26: 03 error : Authorization failed
2025-08-12 19: 46: 11 error : Authorization failed
2025-08-13 13: 23: 32 error : Authorization failed
2025-08-13 13: 29: 48 error : Authorization failed
2025-08-18 08: 30: 14 error : Invalid Login detail
2025-08-18 13: 03: 55 error : jwt malformed
2025-08-18 13: 03: 58 error : jwt malformed
2025-08-18 13: 04: 19 error : jwt malformed
2025-08-18 13: 05: 37 error : Cannot read properties of undefined (reading 'id')
2025-08-18 13: 06: 39 error : jwt malformed
2025-08-18 13: 09: 59 error : jwt malformed
2025-08-18 13: 34: 14 error : Cannot read properties of undefined (reading 'id')
2025-08-18 13: 59: 49 error : Cannot read properties of undefined (reading 'id')
2025-08-18 14: 00: 04 error : Cannot read properties of undefined (reading 'id')
2025-08-18 14: 01: 51 error : Cannot read properties of undefined (reading 'id')
2025-08-18 15: 19: 56 error : Cannot read properties of undefined (reading 'id')
2025-08-18 15: 19: 59 error : Cannot read properties of undefined (reading 'id')
2025-08-18 15: 31: 35 error : Invalid account type
2025-08-18 16: 21: 24 error : Cannot read properties of undefined (reading 'id')
2025-08-18 16: 24: 18 error : Cannot read properties of undefined (reading 'id')
2025-08-22 11: 07: 50 error : Token has expired
2025-08-22 11: 14: 29 error : Invalid Login detail
2025-08-22 11: 15: 25 error : jwt malformed
2025-08-22 11: 20: 32 error : jwt malformed
2025-08-22 11: 24: 38 error : jwt malformed
2025-08-22 11: 28: 11 error : Authorization failed
2025-08-22 11: 28: 33 error : Authorization failed
2025-08-22 11: 29: 05 error : invalid token
2025-09-24 04: 04: 55 error : Authorization failed
